// Jest Snapshot v1, https://goo.gl/fbAQLP

exports[`Link: default 1`] = `<a />`;
