// Jest Snapshot v1, https://goo.gl/fbAQLP

exports[`NavSection: default 1`] = `
<div
  className="sc-bdVaJa cXgeQK"
/>
`;
