// Jest Snapshot v1, https://goo.gl/fbAQLP

exports[`Navbar: default 1`] = `
<div
  className="sc-bdVaJa cXgeQK"
  style={
    Object {
      "width": "100%",
    }
  }
/>
`;
